Version:            01
Descriptors Free:   47
Descriptors Total:  48
Descriptors Offset: 4096
Descriptors Size:   27 KiB
Data Offset:        32176
Data Size:          706 B
