  Data Type:  OCI.Blob
  ID:         1
  Group ID:   1
  Linked ID:  NONE
  Offset:     32176
  Size:       847
  Digest:     sha256:a88b15e95042f7d5a1327c03c57e10bdc1cf5f5efc2968fc73c12b6f5b00c731
