  Data Type:  OCI.ImageIndex
  ID:         1
  Group ID:   1
  Linked ID:  NONE
  Offset:     32176
  Size:       707
