  Data Type:  OCI.RootIndex
  ID:         1
  Group ID:   1
  Linked ID:  NONE
  Offset:     32176
  Size:       706
  Digest:     sha256:2dc692f0dcaf7e3cb30db2d5d61004e4319f13db84331b65f066481c0f94cffb
