------------------------------------------------------------------------------
ID   |GROUP   |LINK    |SIF POSITION (start-end)  |TYPE
------------------------------------------------------------------------------
1    |1       |NONE    |32176-33023               |OCI.Blob (application/vnd.oci.image.config.v1+json)
