{"payloadType":"application/vnd.sylabs.sif-metadata+json","payload":"eyJPbmUiOjEsIlR3byI6Mn0K","signatures":[{"keyid":"SHA256:x6l8ZblpSSXGaPMCzySedWg88BwIFcz8jlPb6el0mFs","sig":"SNnYRFIhDwWjk0pxoreaNiLea6L2WAFUm4boxnv7jiBNGmvMnbCxdsHYsTRBLXvMJHwEfKGvHFJmi9VvMe4JCQ=="}]}