{"payloadType":"application/vnd.sylabs.sif-metadata+json","payload":"eyJPbmUiOjEsIlR3byI6Mn0K","signatures":[{"keyid":"SHA256:BhCwr7qZulYcOMSl2Jt2DuYHxHNnN6th4NdMqR/PGa4","sig":"qtxC0N3TWRUOOF4nAFwf8izZMVhpGca/s0STBi2h/OU/lND9M4uPG70LMGJ+n2GhCOyKKLR5BpgtlUkBpwhsxiPDqyyXFE2/Rvu/MsNicNIal7A1E64X3iOrMmaXK7qHDY6TpwC0KlxTOsh2XHJSM/cItgebkiRn5ZaZl48/10IzMsq/nOr0k9fGdAdgeApnRAQzBuHzcSAMpz8k9ovbyecfwuNLxXk6PO3isetpFx2j1d11gNfmwE54lCQ9ZGC3hiTJVt9WLBP+xC5AGoiX9f5FQpRzQrg9xGjyfwZDF4PSE9UFfUAC4fGPdultxUPXp8afWocJwbDgZBOkUKgE2L16LtMYSPFMdmAy615Ah6AOyudDTY+6iUr8D7YFdXgkjuQOGxtk7Wh2AIwk1lTOF4nrpycNjOJawBW5AFxdjEJ0LvG/XEJgSC88RoAkQ0YdN7j5N8nNf4+bZJ+CmTXPWU0MdFVDgI59bJKUJU/lt1WM/ZEIzujCgtqYKwCc8LNl5Fruh+2nHmtsAS3bxxPv51Nbw5d8T316SBp0bhjY+R7OncQDaP2FQ+nwpUXuDX3Tr9pqMJxDgErbIATOdSaRQ3KB1iC5gzTwIikuwPIxAuB2Gb5wWGxhqqfx7iA38TpnP5x8YXsjGCseUxFjrKoj5uL1p6ayGXOPJy/D9FsQVtA="},{"keyid":"SHA256:BhCwr7qZulYcOMSl2Jt2DuYHxHNnN6th4NdMqR/PGa4","sig":"qtxC0N3TWRUOOF4nAFwf8izZMVhpGca/s0STBi2h/OU/lND9M4uPG70LMGJ+n2GhCOyKKLR5BpgtlUkBpwhsxiPDqyyXFE2/Rvu/MsNicNIal7A1E64X3iOrMmaXK7qHDY6TpwC0KlxTOsh2XHJSM/cItgebkiRn5ZaZl48/10IzMsq/nOr0k9fGdAdgeApnRAQzBuHzcSAMpz8k9ovbyecfwuNLxXk6PO3isetpFx2j1d11gNfmwE54lCQ9ZGC3hiTJVt9WLBP+xC5AGoiX9f5FQpRzQrg9xGjyfwZDF4PSE9UFfUAC4fGPdultxUPXp8afWocJwbDgZBOkUKgE2L16LtMYSPFMdmAy615Ah6AOyudDTY+6iUr8D7YFdXgkjuQOGxtk7Wh2AIwk1lTOF4nrpycNjOJawBW5AFxdjEJ0LvG/XEJgSC88RoAkQ0YdN7j5N8nNf4+bZJ+CmTXPWU0MdFVDgI59bJKUJU/lt1WM/ZEIzujCgtqYKwCc8LNl5Fruh+2nHmtsAS3bxxPv51Nbw5d8T316SBp0bhjY+R7OncQDaP2FQ+nwpUXuDX3Tr9pqMJxDgErbIATOdSaRQ3KB1iC5gzTwIikuwPIxAuB2Gb5wWGxhqqfx7iA38TpnP5x8YXsjGCseUxFjrKoj5uL1p6ayGXOPJy/D9FsQVtA="}]}